sql/bulletins.sql
sql/orders.sql
sql/options.sql
sql/planets.sql
sql/race.sql
sql/preferencesgame.sql
sql/status.sql
resource/buttons/bar_graphs_group.png
resource/buttons/bar_graphs_planet.png
resource/buttons/battle_simulator.png
resource/buttons/battles.png
resource/buttons/battles_mass.png
resource/buttons/battles_tbl.png
resource/buttons/blank.png
resource/buttons/bombings.png
resource/buttons/bombings_size.png
resource/buttons/bombings_tbl.png
resource/buttons/bookmark_add.png
resource/buttons/borders.png
resource/buttons/borders_named.png
resource/buttons/calculator.png
resource/buttons/circles.png
resource/buttons/distance.png
resource/buttons/find_planet.png
resource/buttons/find_race.png
resource/buttons/fleets_tbl.png
resource/buttons/groups.png
resource/buttons/groups_cap.png
resource/buttons/groups_col.png
resource/buttons/groups_emp.png
resource/buttons/groups_hyperspace.png
resource/buttons/groups_incoming.png
resource/buttons/groups_mass.png
resource/buttons/groups_mat.png
resource/buttons/groups_other.png
resource/buttons/groups_planets.png
resource/buttons/groups_selected.png
resource/buttons/groups_tbl.png
resource/buttons/incoming_tbl.png
resource/buttons/intel_center.png
resource/buttons/map_print.png
resource/buttons/map_save.png
resource/buttons/message_center.png
resource/buttons/move_editor.png
resource/buttons/names_planets.png
resource/buttons/names_races.png
resource/buttons/planet_developer.png
resource/buttons/planet_flags.png
resource/buttons/planet_size.png
resource/buttons/planeteditor.png
resource/buttons/planets_tbl.png
resource/buttons/play_film.png
resource/buttons/production_tbl.png
resource/buttons/races_tbl.png
resource/buttons/route_cap.png
resource/buttons/route_col.png
resource/buttons/route_emp.png
resource/buttons/route_mat.png
resource/buttons/routes_tbl.png
resource/buttons/separator.png
resource/buttons/ship_designer.png
resource/buttons/ship_types_tbl.png
resource/buttons/showshipmasses.png
resource/buttons/stockpiles_tbl.png
resource/buttons/text_editor.png
resource/buttons/treaty_editor.png
resource/buttons/turn_ahead_ten.png
resource/buttons/turn_back_ten.png
resource/buttons/turn_charts.png
resource/buttons/turn_forecast.png
resource/buttons/turn_next.png
resource/buttons/turn_overview.png
resource/buttons/turn_previous.png
resource/buttons/turn_report.png
resource/buttons/zoom_in.png
resource/buttons/zoom_mouse.png
resource/buttons/zoom_out.png
resource/ui/toolbar.xrc
resource/ui/menubar.xrc
resource/ui/newgamedialog.xrc
resource/ui/opengamedialog.xrc
resource/ui/addbookmarkdialog.xrc
resource/ui/deletebookmarkdialog.xrc
resource/ui/helpframe.xrc
resource/ui/preferences/preferencesdialog.xrc
resource/ui/preferences/preferencesgame.xrc
resource/ui/preferences/preferencesgeneral.xrc
resource/ui/tools/toolstexteditor.xrc
resource/ui/tools/toolsintelligence.xrc
resource/ui/tools/toolstreatyeditor.xrc
resource/ui/tools/toolsbattlesimulator.xrc
resource/ui/tools/toolsshipdesigner.xrc
resource/ui/tools/toolsplaneteditor.xrc
resource/ui/tools/toolsmoveeditor.xrc
resource/ui/tools/toolsmessagecenter.xrc
resource/ui/tools/toolscalculator.xrc
resource/screenshots/turn1.jpg
resource/screenshots/map.png
resource/buttons/help_back.png
resource/buttons/help_forward.png
resource/buttons/help_home.png
resource/icons/eye_in_32x32x16.png
help/bar_graphs_group.html
help/bar_graphs_planet.html
help/battle_simulator.html
help/battles.html
help/battles_mass.html
help/battles_tbl.html
help/bombings.html
help/bombings_size.html
help/bombings_tbl.html
help/bookmark_a.html
help/bookmark_add.html
help/borders.html
help/borders_named.html
help/calculator.html
help/circles.html
help/distance.html
help/edit_game.html
help/exit.html
help/find_planet.html
help/find_race.html
help/fleets_tbl.html
help/groups.html
help/groups_cap.html
help/groups_col.html
help/groups_emp.html
help/groups_hyperspace.html
help/groups_incoming.html
help/groups_mass.html
help/groups_mat.html
help/groups_other.html
help/groups_planets.html
help/groups_selected.html
help/groups_tbl.html
help/incoming_tbl.html
help/index.html
help/intel_center.html
help/load_game.html
help/map_print.html
help/map_save.html
help/message_center.html
help/move_editor.html
help/names_planets.html
help/names_races.html
help/new_game.html
help/planet_developer.html
help/planet_flags.html
help/planet_size.html
help/planets_tbl.html
help/play_film.html
help/preferences.html
help/production_tbl.html
help/races_tbl.html
help/route_cap.html
help/route_col.html
help/route_emp.html
help/route_mat.html
help/routes_tbl.html
help/ship_designer.html
help/ship_types_tbl.html
help/stockpiles_tbl.html
help/text_editor.html
help/treaty_editor.html
help/turn_ahead_ten.html
help/turn_back_ten.html
help/turn_charts.html
help/turn_forecast.html
help/turn_next.html
help/turn_overview.html
help/turn_previous.html
help/turn_report.html
help/zoom_in.html
help/zoom_mouse.html
help/zoom_out.html
